Archive member included to satisfy reference by file (symbol)

../../soc/build/pocket/software/libc/libc.a(minimal__home_carlos_devel_fpga_riscv-stack_soc_build_pocket_software_include_.._picolibc_src_libc_ctype_ctype_.o)
                              (--whole-archive)
../../soc/build/pocket/software/libc/libc.a(minimal__home_carlos_devel_fpga_riscv-stack_soc_build_pocket_software_include_.._picolibc_src_libc_errno_errno.o)
                              (--whole-archive)
../../soc/build/pocket/software/libc/libc.a(minimal__home_carlos_devel_fpga_riscv-stack_soc_build_pocket_software_include_.._picolibc_src_libc_string_strchr.o)
                              (--whole-archive)
../../soc/build/pocket/software/libc/libc.a(minimal__home_carlos_devel_fpga_riscv-stack_soc_build_pocket_software_include_.._picolibc_src_libc_string_strncpy.o)
                              (--whole-archive)
../../soc/build/pocket/software/libc/libc.a(minimal__home_carlos_devel_fpga_riscv-stack_soc_build_pocket_software_include_.._picolibc_src_libc_string_strncmp.o)
                              (--whole-archive)
../../soc/build/pocket/software/libc/libc.a(minimal__home_carlos_devel_fpga_riscv-stack_soc_build_pocket_software_include_.._picolibc_src_libc_string_strnlen.o)
                              (--whole-archive)
../../soc/build/pocket/software/libc/libc.a(minimal__home_carlos_devel_fpga_riscv-stack_soc_build_pocket_software_include_.._picolibc_src_libc_stdio_fgetc.o)
                              (--whole-archive)
../../soc/build/pocket/software/libc/libc.a(minimal__home_carlos_devel_fpga_riscv-stack_soc_build_pocket_software_include_.._picolibc_src_libc_stdio_fputc.o)
                              (--whole-archive)
../../soc/build/pocket/software/libc/libc.a(minimal__home_carlos_devel_fpga_riscv-stack_soc_build_pocket_software_include_.._picolibc_src_libc_stdio_fputs.o)
                              (--whole-archive)
../../soc/build/pocket/software/libc/libc.a(minimal__home_carlos_devel_fpga_riscv-stack_soc_build_pocket_software_include_.._picolibc_src_libc_stdio_printf.o)
                              (--whole-archive)
../../soc/build/pocket/software/libc/libc.a(minimal__home_carlos_devel_fpga_riscv-stack_soc_build_pocket_software_include_.._picolibc_src_libc_stdio_puts.o)
                              (--whole-archive)
../../soc/build/pocket/software/libc/libc.a(minimal__home_carlos_devel_fpga_riscv-stack_soc_build_pocket_software_include_.._picolibc_src_libc_stdio_strtoul.o)
                              (--whole-archive)
../../soc/build/pocket/software/libc/libc.a(minimal__home_carlos_devel_fpga_riscv-stack_soc_build_pocket_software_include_.._picolibc_src_libc_stdio_strtoull.o)
                              (--whole-archive)
../../soc/build/pocket/software/libc/libc.a(minimal__home_carlos_devel_fpga_riscv-stack_soc_build_pocket_software_include_.._picolibc_src_libc_stdlib_lldiv.o)
                              (--whole-archive)
../../soc/build/pocket/software/libc/libc.a(minimal__home_carlos_devel_fpga_riscv-stack_soc_build_pocket_software_include_.._picolibc_src_libc_machine_riscv_memcpy-asm.o)
                              (--whole-archive)
../../soc/build/pocket/software/libc/libc.a(minimal__home_carlos_devel_fpga_riscv-stack_soc_build_pocket_software_include_.._picolibc_src_libc_machine_riscv_memmove.o)
                              (--whole-archive)
../../soc/build/pocket/software/libc/libc.a(minimal__home_carlos_devel_fpga_riscv-stack_soc_build_pocket_software_include_.._picolibc_src_libc_machine_riscv_memset.o)
                              (--whole-archive)
../../soc/build/pocket/software/libc/libc.a(minimal__home_carlos_devel_fpga_riscv-stack_soc_build_pocket_software_include_.._picolibc_src_libc_machine_riscv_strcmp.o)
                              (--whole-archive)
../../soc/build/pocket/software/libc/libc.a(minimal__home_carlos_devel_fpga_riscv-stack_soc_build_pocket_software_include_.._picolibc_src_libc_machine_riscv_strcpy.o)
                              (--whole-archive)
../../soc/build/pocket/software/libc/libc.a(minimal__home_carlos_devel_fpga_riscv-stack_soc_build_pocket_software_include_.._picolibc_src_libc_machine_riscv_strlen.o)
                              (--whole-archive)
../../soc/build/pocket/software/libc/libc.a(minimal__home_carlos_devel_fpga_riscv-stack_soc_build_pocket_software_include_.._picolibc_src_libc_stdio_vfiprintf.o)
                              (--whole-archive)
../../soc/build/pocket/software/libc/libc.a(_libc_minimal.a)
                              (--whole-archive)
../../soc/build/pocket/software/libc/libc.a(libc-minimal.a)
                              (--whole-archive)
../../soc/build/pocket/software/libcompiler_rt/libcompiler_rt.a(umodsi3.o)
                              (--whole-archive)
../../soc/build/pocket/software/libcompiler_rt/libcompiler_rt.a(udivsi3.o)
                              (--whole-archive)
[...]
Memory Configuration

Name             Origin             Length             Attributes
game             0x40400000         0x01c00000
sram             0x10000000         0x00004000
*default*        0x00000000         0xffffffff

Linker script and memory map

LOAD crt0_game.o
LOAD gamelib.o
LOAD main.o
LOAD hal.o
START GROUP
LOAD ../../soc/build/pocket/software/libc/libc.a
LOAD ../../soc/build/pocket/software/libcompiler_rt/libcompiler_rt.a
LOAD ../../soc/build/pocket/software/libbase/libbase.a
LOAD ../../soc/build/pocket/software/libfatfs/libfatfs.a
LOAD ../../soc/build/pocket/software/liblitespi/liblitespi.a
LOAD ../../soc/build/pocket/software/liblitedram/liblitedram.a
LOAD ../../soc/build/pocket/software/libliteeth/libliteeth.a
LOAD ../../soc/build/pocket/software/liblitesdcard/liblitesdcard.a
LOAD ../../soc/build/pocket/software/liblitesata/liblitesata.a
END GROUP

.text           0x40400000     0x23ac
 *(.text.start)
 .text.start    0x40400000       0x30 crt0_game.o
                0x40400000                _start
 *(.text .text.*)
 .text.rect     0x40400030       0x78 main.o
 .text.text     0x404000a8      0x11c main.o
 .text.center   0x404001c4       0x40 main.o
 .text.fm_key   0x40400204       0x98 main.o
 .text.startup.main
                0x4040029c      0x438 main.o
                0x4040029c                main
 .text.flush_cpu_dcache_range
                0x404006d4       0x2c hal.o
 .text.sys_init
                0x40400700       0xd4 hal.o
                0x40400700                sys_init
 .text.fb_width
                0x404007d4        0x8 hal.o
                0x404007d4                fb_width
 .text.fb_height
                0x404007dc        0x8 hal.o
                0x404007dc                fb_height
 .text.sys_caps
                0x404007e4       0x3c hal.o
                0x404007e4                sys_caps
 .text.fb_backbuffer
                0x40400820       0x1c hal.o
                0x40400820                fb_backbuffer
 .text.fb_present
                0x4040083c       0x8c hal.o
                0x4040083c                fb_present
 .text.input_poll
                0x404008c8       0x20 hal.o
                0x404008c8                input_poll
 .text.input_buttons
                0x404008e8       0x18 hal.o
                0x404008e8                input_buttons
 .text.sys_exit
                0x40400900       0x14 hal.o
                0x40400900                sys_exit
 .text.sys_ticks_us
                0x40400914       0x34 hal.o
                0x40400914                sys_ticks_us
 .text.sys_delay_us
                0x40400948       0x3c hal.o
                0x40400948                sys_delay_us
 .text.opl_write
                0x40400984       0x54 hal.o
                0x40400984                opl_write
 .text.strnlen  0x404009d8       0x24 ../../soc/build/pocket/software/libc/libc.a(minimal__home_carlos_devel_fpga_riscv-stack_soc_build_pocket_software_include_.._picolibc_src_libc_string_strnlen.o)
                0x404009d8                strnlen
 .text.printf   0x404009fc       0x48 ../../soc/build/pocket/software/libc/libc.a(minimal__home_carlos_devel_fpga_riscv-stack_soc_build_pocket_software_include_.._picolibc_src_libc_stdio_printf.o)
                0x404009fc                printf
 .text.memcpy   0x40400a44       0x24 ../../soc/build/pocket/software/libc/libc.a(minimal__home_carlos_devel_fpga_riscv-stack_soc_build_pocket_software_include_.._picolibc_src_libc_machine_riscv_memcpy-asm.o)
                0x40400a44                memcpy
 .text.memset   0x40400a68       0x1c ../../soc/build/pocket/software/libc/libc.a(minimal__home_carlos_devel_fpga_riscv-stack_soc_build_pocket_software_include_.._picolibc_src_libc_machine_riscv_memset.o)
                0x40400a68                memset
 .text.__ultoa_invert
                0x40400a84       0x4c ../../soc/build/pocket/software/libc/libc.a(minimal__home_carlos_devel_fpga_riscv-stack_soc_build_pocket_software_include_.._picolibc_src_libc_stdio_vfiprintf.o)
 .text.vfprintf
                0x40400ad0      0x684 ../../soc/build/pocket/software/libc/libc.a(minimal__home_carlos_devel_fpga_riscv-stack_soc_build_pocket_software_include_.._picolibc_src_libc_stdio_vfiprintf.o)
                0x40400ad0                __i_vfprintf
                0x40400ad0                vfprintf
 .text.litex_getc
                0x40401154       0x20 ../../soc/build/pocket/software/libc/libc.a(_libc_minimal.a)
 .text.litex_putc
                0x40401174       0x3c ../../soc/build/pocket/software/libc/libc.a(_libc_minimal.a)
 .text.__udivmoddi4
                0x404011b0      0x318 ../../soc/build/pocket/software/libcompiler_rt/libcompiler_rt.a(udivmoddi4.o)
                0x404011b0                __udivmoddi4
 .text.__clzsi2
                0x404014c8       0x90 ../../soc/build/pocket/software/libcompiler_rt/libcompiler_rt.a(clzsi2.o)
                0x404014c8                __clzsi2
 .text.__ctzsi2
                0x40401558       0x74 ../../soc/build/pocket/software/libcompiler_rt/libcompiler_rt.a(ctzsi2.o)
                0x40401558                __ctzsi2
 .text.__udivdi3
                0x404015cc        0x8 ../../soc/build/pocket/software/libcompiler_rt/libcompiler_rt.a(udivdi3.o)
                0x404015cc                __udivdi3
 .text.litex_print_size
                0x404015d4      0x160 ../../soc/build/pocket/software/libbase/libbase.a(format.o)
                0x404015d4                litex_print_size
 .text.flush_l2_cache
                0x40401734        0x4 ../../soc/build/pocket/software/libbase/libbase.a(system.o)
                0x40401734                flush_l2_cache
 .text.flush_cpu_dcache_range
                0x40401738       0x2c ../../soc/build/pocket/software/libbase/libbase.a(memtest.o)
 .text.print_progress
                0x40401764       0x4c ../../soc/build/pocket/software/libbase/libbase.a(memtest.o)
 .text.seed_to_data_32
                0x404017b0       0x2c ../../soc/build/pocket/software/libbase/libbase.a(memtest.o)
 .text.memtest_access
                0x404017dc       0x6c ../../soc/build/pocket/software/libbase/libbase.a(memtest.o)
                0x404017dc                memtest_access
 .text.memtest_bus
                0x40401848      0x104 ../../soc/build/pocket/software/libbase/libbase.a(memtest.o)
                0x40401848                memtest_bus
 .text.memtest_addr
                0x4040194c      0x120 ../../soc/build/pocket/software/libbase/libbase.a(memtest.o)
                0x4040194c                memtest_addr
 .text.memtest_data
                0x40401a6c      0x1ac ../../soc/build/pocket/software/libbase/libbase.a(memtest.o)
                0x40401a6c                memtest_data
 .text.memspeed
                0x40401c18      0x258 ../../soc/build/pocket/software/libbase/libbase.a(memtest.o)
                0x40401c18                memspeed
 .text.memtest  0x40401e70      0x14c ../../soc/build/pocket/software/libbase/libbase.a(memtest.o)
                0x40401e70                memtest
 .text.uart_isr
                0x40401fbc       0xd0 ../../soc/build/pocket/software/libbase/libbase.a(uart.o)
                0x40401fbc                uart_isr
 .text.uart_read
                0x4040208c       0x6c ../../soc/build/pocket/software/libbase/libbase.a(uart.o)
                0x4040208c                uart_read
 .text.uart_read_nonblock
                0x404020f8       0x4c ../../soc/build/pocket/software/libbase/libbase.a(uart.o)
                0x404020f8                uart_read_nonblock
 .text.uart_write
                0x40402144       0xc0 ../../soc/build/pocket/software/libbase/libbase.a(uart.o)
                0x40402144                uart_write
 .text.cdelay   0x40402204       0x10 ../../soc/build/pocket/software/liblitedram/liblitedram.a(sdram.o)
 .text.sdram_software_control_on
                0x40402214       0x24 ../../soc/build/pocket/software/liblitedram/liblitedram.a(sdram.o)
                0x40402214                sdram_software_control_on
 .text.sdram_software_control_off
                0x40402238       0x24 ../../soc/build/pocket/software/liblitedram/liblitedram.a(sdram.o)
                0x40402238                sdram_software_control_off
 .text.sdram_init
                0x4040225c      0x150 ../../soc/build/pocket/software/liblitedram/liblitedram.a(sdram.o)
                0x4040225c                sdram_init

.rodata         0x404023ac      0x3bc
                0x404023ac                        . = ALIGN (0x4)
 *(.rodata .rodata.*)
 .rodata.main.str1.4
                0x404023ac      0x2a8 main.o
                                 0xa1 (size before relaxing)
 .rodata.keys.0
                0x40402654       0x10 main.o
 .rodata.str1.4
                0x40402664       0x1f main.o
 .rodata.nname  0x40402664       0x20 main.o
 .rodata.fnum   0x40402684       0x10 main.o
 .rodata.op_car
                0x40402694        0x9 main.o
 *fill*         0x4040269d        0x3 
 .rodata.op_mod
                0x404026a0        0x9 main.o
 *fill*         0x404026a9        0x3 
 .rodata        0x404026ac       0x20 main.o
 .rodata.vfprintf.str1.4
                0x404026cc       0x10 ../../soc/build/pocket/software/libc/libc.a(minimal__home_carlos_devel_fpga_riscv-stack_soc_build_pocket_software_include_.._picolibc_src_libc_stdio_vfiprintf.o)
 .rodata.vfprintf
                0x404026cc       0x90 ../../soc/build/pocket/software/libc/libc.a(minimal__home_carlos_devel_fpga_riscv-stack_soc_build_pocket_software_include_.._picolibc_src_libc_stdio_vfiprintf.o)
 .rodata.litex_print_size.str1.4
                0x4040275c       0x35 ../../soc/build/pocket/software/libbase/libbase.a(format.o)
 .rodata.print_progress.str1.4
                0x4040275c       0x15 ../../soc/build/pocket/software/libbase/libbase.a(memtest.o)
 .rodata.memtest_access.str1.4
                0x4040275c       0x2d ../../soc/build/pocket/software/libbase/libbase.a(memtest.o)
 .rodata.memtest_data.str1.4
                0x4040275c       0x19 ../../soc/build/pocket/software/libbase/libbase.a(memtest.o)
 .rodata.memspeed.str1.4
                0x4040275c       0x5c ../../soc/build/pocket/software/libbase/libbase.a(memtest.o)
 .rodata.memtest.str1.4
                0x4040275c       0x70 ../../soc/build/pocket/software/libbase/libbase.a(memtest.o)
 .rodata.sdram_software_control_on.str1.4
                0x4040275c       0x26 ../../soc/build/pocket/software/liblitedram/liblitedram.a(sdram.o)
 .rodata.sdram_software_control_off.str1.4
                0x4040275c       0x26 ../../soc/build/pocket/software/liblitedram/liblitedram.a(sdram.o)
 .rodata.sdram_init.str1.4
                0x4040275c       0x20 ../../soc/build/pocket/software/liblitedram/liblitedram.a(sdram.o)
 *(.srodata .srodata.*)
 .srodata.page_addr
                0x4040275c        0x8 hal.o
 .srodata.stdout
                0x40402764        0x4 ../../soc/build/pocket/software/libc/libc.a(_libc_minimal.a)
                0x40402764                stdout
                0x404027cc                        . = ALIGN (0x4)

.rela.dyn       0x40402768        0x0
 .rela.text.start
                0x40402768        0x0 crt0_game.o

.data           0x40402768      0x410
                0x40402768                        . = ALIGN (0x4)
                0x40402f68                        __global_pointer$ = (. + 0x800)
 *(.data .data.*)
 .data.font8x8_basic
                0x40402768      0x400 main.o
                0x40402768                font8x8_basic
 .data.__stdio  0x40402b68       0x10 ../../soc/build/pocket/software/libc/libc.a(_libc_minimal.a)
 *(.sdata .sdata.*)
                0x40402b78                        . = ALIGN (0x4)

.bss            0x40402b78      0x13c
                0x40402b78                        . = ALIGN (0x4)
                0x40402b78                        _fbss = .
 *(.bss .bss.*)
 .bss.caps.3    0x40402b78       0x14 hal.o
 .bss.tx_buf    0x40402b8c       0x80 ../../soc/build/pocket/software/libbase/libbase.a(uart.o)
 .bss.rx_buf    0x40402c0c       0x80 ../../soc/build/pocket/software/libbase/libbase.a(uart.o)
 *(.sbss .sbss.*)
 .sbss.fb       0x40402c8c        0x4 main.o
 .sbss.H        0x40402c90        0x4 main.o
 .sbss.W        0x40402c94        0x4 main.o
 .sbss.pad_raw  0x40402c98        0x8 hal.o
 .sbss.draw_page
                0x40402ca0        0x4 hal.o
 .sbss.tx_consume
                0x40402ca4        0x4 ../../soc/build/pocket/software/libbase/libbase.a(uart.o)
 .sbss.tx_produce
                0x40402ca8        0x4 ../../soc/build/pocket/software/libbase/libbase.a(uart.o)
 .sbss.rx_consume
                0x40402cac        0x4 ../../soc/build/pocket/software/libbase/libbase.a(uart.o)
 .sbss.rx_produce
                0x40402cb0        0x4 ../../soc/build/pocket/software/libbase/libbase.a(uart.o)
 *(COMMON)
                0x40402cb4                        . = ALIGN (0x4)
                0x40402cb4                        _ebss = .
                0x40402cb4                        _end = .
                0x10003ff8                        PROVIDE (_fstack = ((ORIGIN (sram) + LENGTH (sram)) - 0x8))

/DISCARD/
 *(.eh_frame)
 *(.comment)
OUTPUT(fmdemo.elf elf32-littleriscv)

.riscv.attributes
                0x00000000       0x43
 .riscv.attributes
                0x00000000       0x3d crt0_game.o
 .riscv.attributes
                0x0000003d       0x3f main.o
 .riscv.attributes
                0x0000007c       0x3f hal.o
 .riscv.attributes
                0x000000bb       0x3f ../../soc/build/pocket/software/libc/libc.a(minimal__home_carlos_devel_fpga_riscv-stack_soc_build_pocket_software_include_.._picolibc_src_libc_string_strnlen.o)
 .riscv.attributes
                0x000000fa       0x3f ../../soc/build/pocket/software/libc/libc.a(minimal__home_carlos_devel_fpga_riscv-stack_soc_build_pocket_software_include_.._picolibc_src_libc_stdio_printf.o)
 .riscv.attributes
                0x00000139       0x3d ../../soc/build/pocket/software/libc/libc.a(minimal__home_carlos_devel_fpga_riscv-stack_soc_build_pocket_software_include_.._picolibc_src_libc_machine_riscv_memcpy-asm.o)
 .riscv.attributes
                0x00000176       0x3d ../../soc/build/pocket/software/libc/libc.a(minimal__home_carlos_devel_fpga_riscv-stack_soc_build_pocket_software_include_.._picolibc_src_libc_machine_riscv_memset.o)
 .riscv.attributes
                0x000001b3       0x3f ../../soc/build/pocket/software/libc/libc.a(minimal__home_carlos_devel_fpga_riscv-stack_soc_build_pocket_software_include_.._picolibc_src_libc_stdio_vfiprintf.o)
 .riscv.attributes
                0x000001f2       0x3f ../../soc/build/pocket/software/libc/libc.a(_libc_minimal.a)
 .riscv.attributes
                0x00000231       0x3f ../../soc/build/pocket/software/libcompiler_rt/libcompiler_rt.a(udivmoddi4.o)
 .riscv.attributes
                0x00000270       0x3f ../../soc/build/pocket/software/libcompiler_rt/libcompiler_rt.a(clzsi2.o)
 .riscv.attributes
                0x000002af       0x3f ../../soc/build/pocket/software/libcompiler_rt/libcompiler_rt.a(ctzsi2.o)
 .riscv.attributes
                0x000002ee       0x3f ../../soc/build/pocket/software/libcompiler_rt/libcompiler_rt.a(udivdi3.o)
 .riscv.attributes
                0x0000032d       0x3f ../../soc/build/pocket/software/libbase/libbase.a(format.o)
 .riscv.attributes
                0x0000036c       0x3f ../../soc/build/pocket/software/libbase/libbase.a(system.o)
 .riscv.attributes
                0x000003ab       0x3f ../../soc/build/pocket/software/libbase/libbase.a(memtest.o)
 .riscv.attributes
                0x000003ea       0x43 ../../soc/build/pocket/software/libbase/libbase.a(uart.o)
 .riscv.attributes
                0x0000042d       0x3f ../../soc/build/pocket/software/liblitedram/liblitedram.a(sdram.o)

.note.GNU-stack
                0x00000000        0x0
 .note.GNU-stack
                0x00000000        0x0 main.o
 .note.GNU-stack
                0x00000000        0x0 hal.o
 .note.GNU-stack
                0x00000000        0x0 ../../soc/build/pocket/software/libc/libc.a(minimal__home_carlos_devel_fpga_riscv-stack_soc_build_pocket_software_include_.._picolibc_src_libc_string_strnlen.o)
 .note.GNU-stack
                0x00000000        0x0 ../../soc/build/pocket/software/libc/libc.a(minimal__home_carlos_devel_fpga_riscv-stack_soc_build_pocket_software_include_.._picolibc_src_libc_stdio_printf.o)
 .note.GNU-stack
                0x00000000        0x0 ../../soc/build/pocket/software/libc/libc.a(minimal__home_carlos_devel_fpga_riscv-stack_soc_build_pocket_software_include_.._picolibc_src_libc_stdio_vfiprintf.o)
 .note.GNU-stack
                0x00000000        0x0 ../../soc/build/pocket/software/libc/libc.a(_libc_minimal.a)
 .note.GNU-stack
                0x00000000        0x0 ../../soc/build/pocket/software/libcompiler_rt/libcompiler_rt.a(udivmoddi4.o)
 .note.GNU-stack
                0x00000000        0x0 ../../soc/build/pocket/software/libcompiler_rt/libcompiler_rt.a(clzsi2.o)
 .note.GNU-stack
                0x00000000        0x0 ../../soc/build/pocket/software/libcompiler_rt/libcompiler_rt.a(ctzsi2.o)
 .note.GNU-stack
                0x00000000        0x0 ../../soc/build/pocket/software/libcompiler_rt/libcompiler_rt.a(udivdi3.o)
 .note.GNU-stack
                0x00000000        0x0 ../../soc/build/pocket/software/libbase/libbase.a(format.o)
 .note.GNU-stack
                0x00000000        0x0 ../../soc/build/pocket/software/libbase/libbase.a(system.o)
 .note.GNU-stack
                0x00000000        0x0 ../../soc/build/pocket/software/libbase/libbase.a(memtest.o)
 .note.GNU-stack
                0x00000000        0x0 ../../soc/build/pocket/software/libbase/libbase.a(uart.o)
 .note.GNU-stack
                0x00000000        0x0 ../../soc/build/pocket/software/liblitedram/liblitedram.a(sdram.o)

.debug_line     0x00000000     0x80e5
 .debug_line    0x00000000       0x80 crt0_game.o
 .debug_line    0x00000080      0xb66 main.o
 .debug_line    0x00000be6     0x270e hal.o
 .debug_line    0x000032f4       0xf4 ../../soc/build/pocket/software/libc/libc.a(minimal__home_carlos_devel_fpga_riscv-stack_soc_build_pocket_software_include_.._picolibc_src_libc_string_strnlen.o)
 .debug_line    0x000033e8      0x1c9 ../../soc/build/pocket/software/libc/libc.a(minimal__home_carlos_devel_fpga_riscv-stack_soc_build_pocket_software_include_.._picolibc_src_libc_stdio_printf.o)
 .debug_line    0x000035b1       0x7a ../../soc/build/pocket/software/libc/libc.a(minimal__home_carlos_devel_fpga_riscv-stack_soc_build_pocket_software_include_.._picolibc_src_libc_machine_riscv_memcpy-asm.o)
 .debug_line    0x0000362b       0x6e ../../soc/build/pocket/software/libc/libc.a(minimal__home_carlos_devel_fpga_riscv-stack_soc_build_pocket_software_include_.._picolibc_src_libc_machine_riscv_memset.o)
 .debug_line    0x00003699      0xf9d ../../soc/build/pocket/software/libc/libc.a(minimal__home_carlos_devel_fpga_riscv-stack_soc_build_pocket_software_include_.._picolibc_src_libc_stdio_vfiprintf.o)
 .debug_line    0x00004636      0x18d ../../soc/build/pocket/software/libc/libc.a(_libc_minimal.a)
 .debug_line    0x000047c3      0x728 ../../soc/build/pocket/software/libcompiler_rt/libcompiler_rt.a(udivmoddi4.o)
 .debug_line    0x00004eeb      0x201 ../../soc/build/pocket/software/libcompiler_rt/libcompiler_rt.a(clzsi2.o)
 .debug_line    0x000050ec      0x1eb ../../soc/build/pocket/software/libcompiler_rt/libcompiler_rt.a(ctzsi2.o)
 .debug_line    0x000052d7       0xcb ../../soc/build/pocket/software/libcompiler_rt/libcompiler_rt.a(udivdi3.o)
 .debug_line    0x000053a2      0x1a1 ../../soc/build/pocket/software/libbase/libbase.a(format.o)
 .debug_line    0x00005543      0x42b ../../soc/build/pocket/software/libbase/libbase.a(system.o)
 .debug_line    0x0000596e     0x1309 ../../soc/build/pocket/software/libbase/libbase.a(memtest.o)
 .debug_line    0x00006c77      0xa08 ../../soc/build/pocket/software/libbase/libbase.a(uart.o)
 .debug_line    0x0000767f      0xa66 ../../soc/build/pocket/software/liblitedram/liblitedram.a(sdram.o)

.debug_line_str
                0x00000000     0x10f7
 .debug_line_str
                0x00000000     0x10f7 crt0_game.o
                                 0x3e (size before relaxing)
 .debug_line_str
                0x000010f7      0x48d main.o
 .debug_line_str
                0x000010f7      0x50f hal.o
 .debug_line_str
                0x000010f7      0x3b3 ../../soc/build/pocket/software/libc/libc.a(minimal__home_carlos_devel_fpga_riscv-stack_soc_build_pocket_software_include_.._picolibc_src_libc_string_strnlen.o)
 .debug_line_str
                0x000010f7      0x544 ../../soc/build/pocket/software/libc/libc.a(minimal__home_carlos_devel_fpga_riscv-stack_soc_build_pocket_software_include_.._picolibc_src_libc_stdio_printf.o)
 .debug_line_str
                0x000010f7       0xb9 ../../soc/build/pocket/software/libc/libc.a(minimal__home_carlos_devel_fpga_riscv-stack_soc_build_pocket_software_include_.._picolibc_src_libc_machine_riscv_memcpy-asm.o)
 .debug_line_str
                0x000010f7       0xb5 ../../soc/build/pocket/software/libc/libc.a(minimal__home_carlos_devel_fpga_riscv-stack_soc_build_pocket_software_include_.._picolibc_src_libc_machine_riscv_memset.o)
 .debug_line_str
                0x000010f7      0x724 ../../soc/build/pocket/software/libc/libc.a(minimal__home_carlos_devel_fpga_riscv-stack_soc_build_pocket_software_include_.._picolibc_src_libc_stdio_vfiprintf.o)
 .debug_line_str
                0x000010f7      0x59c ../../soc/build/pocket/software/libc/libc.a(_libc_minimal.a)
 .debug_line_str
                0x000010f7      0x490 ../../soc/build/pocket/software/libcompiler_rt/libcompiler_rt.a(udivmoddi4.o)
 .debug_line_str
                0x000010f7      0x484 ../../soc/build/pocket/software/libcompiler_rt/libcompiler_rt.a(clzsi2.o)
 .debug_line_str
                0x000010f7      0x484 ../../soc/build/pocket/software/libcompiler_rt/libcompiler_rt.a(ctzsi2.o)
 .debug_line_str
                0x000010f7      0x487 ../../soc/build/pocket/software/libcompiler_rt/libcompiler_rt.a(udivdi3.o)
 .debug_line_str
                0x000010f7      0x403 ../../soc/build/pocket/software/libbase/libbase.a(format.o)
 .debug_line_str
                0x000010f7      0x537 ../../soc/build/pocket/software/libbase/libbase.a(system.o)
 .debug_line_str
                0x000010f7      0x594 ../../soc/build/pocket/software/libbase/libbase.a(memtest.o)
 .debug_line_str
                0x000010f7      0x538 ../../soc/build/pocket/software/libbase/libbase.a(uart.o)
 .debug_line_str
                0x000010f7      0x635 ../../soc/build/pocket/software/liblitedram/liblitedram.a(sdram.o)

.debug_info     0x00000000     0x69c8
 .debug_info    0x00000000       0x24 crt0_game.o
 .debug_info    0x00000024      0xb5b main.o
 .debug_info    0x00000b7f     0x217a hal.o
 .debug_info    0x00002cf9       0xd4 ../../soc/build/pocket/software/libc/libc.a(minimal__home_carlos_devel_fpga_riscv-stack_soc_build_pocket_software_include_.._picolibc_src_libc_string_strnlen.o)
 .debug_info    0x00002dcd      0x1fd ../../soc/build/pocket/software/libc/libc.a(minimal__home_carlos_devel_fpga_riscv-stack_soc_build_pocket_software_include_.._picolibc_src_libc_stdio_printf.o)
 .debug_info    0x00002fca       0x31 ../../soc/build/pocket/software/libc/libc.a(minimal__home_carlos_devel_fpga_riscv-stack_soc_build_pocket_software_include_.._picolibc_src_libc_machine_riscv_memcpy-asm.o)
 .debug_info    0x00002ffb       0x31 ../../soc/build/pocket/software/libc/libc.a(minimal__home_carlos_devel_fpga_riscv-stack_soc_build_pocket_software_include_.._picolibc_src_libc_machine_riscv_memset.o)
 .debug_info    0x0000302c      0x4e4 ../../soc/build/pocket/software/libc/libc.a(minimal__home_carlos_devel_fpga_riscv-stack_soc_build_pocket_software_include_.._picolibc_src_libc_stdio_vfiprintf.o)
 .debug_info    0x00003510      0x24c ../../soc/build/pocket/software/libc/libc.a(_libc_minimal.a)
 .debug_info    0x0000375c      0x224 ../../soc/build/pocket/software/libcompiler_rt/libcompiler_rt.a(udivmoddi4.o)
 .debug_info    0x00003980       0xf8 ../../soc/build/pocket/software/libcompiler_rt/libcompiler_rt.a(clzsi2.o)
 .debug_info    0x00003a78       0xf8 ../../soc/build/pocket/software/libcompiler_rt/libcompiler_rt.a(ctzsi2.o)
 .debug_info    0x00003b70      0x127 ../../soc/build/pocket/software/libcompiler_rt/libcompiler_rt.a(udivdi3.o)
 .debug_info    0x00003c97      0x11e ../../soc/build/pocket/software/libbase/libbase.a(format.o)
 .debug_info    0x00003db5      0x4f7 ../../soc/build/pocket/software/libbase/libbase.a(system.o)
 .debug_info    0x000042ac     0x121c ../../soc/build/pocket/software/libbase/libbase.a(memtest.o)
 .debug_info    0x000054c8      0x739 ../../soc/build/pocket/software/libbase/libbase.a(uart.o)
 .debug_info    0x00005c01      0xdc7 ../../soc/build/pocket/software/liblitedram/liblitedram.a(sdram.o)

.debug_abbrev   0x00000000     0x1c97
 .debug_abbrev  0x00000000       0x14 crt0_game.o
 .debug_abbrev  0x00000014      0x2cc main.o
 .debug_abbrev  0x000002e0      0x4f5 hal.o
 .debug_abbrev  0x000007d5       0x8c ../../soc/build/pocket/software/libc/libc.a(minimal__home_carlos_devel_fpga_riscv-stack_soc_build_pocket_software_include_.._picolibc_src_libc_string_strnlen.o)
 .debug_abbrev  0x00000861      0x11d ../../soc/build/pocket/software/libc/libc.a(minimal__home_carlos_devel_fpga_riscv-stack_soc_build_pocket_software_include_.._picolibc_src_libc_stdio_printf.o)
 .debug_abbrev  0x0000097e       0x28 ../../soc/build/pocket/software/libc/libc.a(minimal__home_carlos_devel_fpga_riscv-stack_soc_build_pocket_software_include_.._picolibc_src_libc_machine_riscv_memcpy-asm.o)
 .debug_abbrev  0x000009a6       0x28 ../../soc/build/pocket/software/libc/libc.a(minimal__home_carlos_devel_fpga_riscv-stack_soc_build_pocket_software_include_.._picolibc_src_libc_machine_riscv_memset.o)
 .debug_abbrev  0x000009ce      0x25f ../../soc/build/pocket/software/libc/libc.a(minimal__home_carlos_devel_fpga_riscv-stack_soc_build_pocket_software_include_.._picolibc_src_libc_stdio_vfiprintf.o)
 .debug_abbrev  0x00000c2d      0x173 ../../soc/build/pocket/software/libc/libc.a(_libc_minimal.a)
 .debug_abbrev  0x00000da0      0x132 ../../soc/build/pocket/software/libcompiler_rt/libcompiler_rt.a(udivmoddi4.o)
 .debug_abbrev  0x00000ed2       0x7c ../../soc/build/pocket/software/libcompiler_rt/libcompiler_rt.a(clzsi2.o)
 .debug_abbrev  0x00000f4e       0x7c ../../soc/build/pocket/software/libcompiler_rt/libcompiler_rt.a(ctzsi2.o)
 .debug_abbrev  0x00000fca       0xa5 ../../soc/build/pocket/software/libcompiler_rt/libcompiler_rt.a(udivdi3.o)
 .debug_abbrev  0x0000106f       0xd3 ../../soc/build/pocket/software/libbase/libbase.a(format.o)
 .debug_abbrev  0x00001142      0x18c ../../soc/build/pocket/software/libbase/libbase.a(system.o)
 .debug_abbrev  0x000012ce      0x3f9 ../../soc/build/pocket/software/libbase/libbase.a(memtest.o)
 .debug_abbrev  0x000016c7      0x297 ../../soc/build/pocket/software/libbase/libbase.a(uart.o)
 .debug_abbrev  0x0000195e      0x339 ../../soc/build/pocket/software/liblitedram/liblitedram.a(sdram.o)

.debug_aranges  0x00000000      0x420
 .debug_aranges
                0x00000000       0x20 crt0_game.o
 .debug_aranges
                0x00000020       0x40 main.o
 .debug_aranges
                0x00000060      0x110 hal.o
 .debug_aranges
                0x00000170       0x20 ../../soc/build/pocket/software/libc/libc.a(minimal__home_carlos_devel_fpga_riscv-stack_soc_build_pocket_software_include_.._picolibc_src_libc_string_strnlen.o)
 .debug_aranges
                0x00000190       0x20 ../../soc/build/pocket/software/libc/libc.a(minimal__home_carlos_devel_fpga_riscv-stack_soc_build_pocket_software_include_.._picolibc_src_libc_stdio_printf.o)
 .debug_aranges
                0x000001b0       0x20 ../../soc/build/pocket/software/libc/libc.a(minimal__home_carlos_devel_fpga_riscv-stack_soc_build_pocket_software_include_.._picolibc_src_libc_machine_riscv_memcpy-asm.o)
 .debug_aranges
                0x000001d0       0x20 ../../soc/build/pocket/software/libc/libc.a(minimal__home_carlos_devel_fpga_riscv-stack_soc_build_pocket_software_include_.._picolibc_src_libc_machine_riscv_memset.o)
 .debug_aranges
                0x000001f0       0x28 ../../soc/build/pocket/software/libc/libc.a(minimal__home_carlos_devel_fpga_riscv-stack_soc_build_pocket_software_include_.._picolibc_src_libc_stdio_vfiprintf.o)
 .debug_aranges
                0x00000218       0x28 ../../soc/build/pocket/software/libc/libc.a(_libc_minimal.a)
 .debug_aranges
                0x00000240       0x20 ../../soc/build/pocket/software/libcompiler_rt/libcompiler_rt.a(udivmoddi4.o)
 .debug_aranges
                0x00000260       0x20 ../../soc/build/pocket/software/libcompiler_rt/libcompiler_rt.a(clzsi2.o)
 .debug_aranges
                0x00000280       0x20 ../../soc/build/pocket/software/libcompiler_rt/libcompiler_rt.a(ctzsi2.o)
 .debug_aranges
                0x000002a0       0x20 ../../soc/build/pocket/software/libcompiler_rt/libcompiler_rt.a(udivdi3.o)
 .debug_aranges
                0x000002c0       0x20 ../../soc/build/pocket/software/libbase/libbase.a(format.o)
 .debug_aranges
                0x000002e0       0x30 ../../soc/build/pocket/software/libbase/libbase.a(system.o)
 .debug_aranges
                0x00000310       0x60 ../../soc/build/pocket/software/libbase/libbase.a(memtest.o)
 .debug_aranges
                0x00000370       0x48 ../../soc/build/pocket/software/libbase/libbase.a(uart.o)
 .debug_aranges
                0x000003b8       0x68 ../../soc/build/pocket/software/liblitedram/liblitedram.a(sdram.o)

.debug_str      0x00000000    0x13d0b
 .debug_str     0x00000000    0x13d0b crt0_game.o
                                 0x4c (size before relaxing)
 .debug_str     0x00013d0b     0x81c2 main.o
 .debug_str     0x00013d0b     0x8da0 hal.o
 .debug_str     0x00013d0b     0x4598 ../../soc/build/pocket/software/libc/libc.a(minimal__home_carlos_devel_fpga_riscv-stack_soc_build_pocket_software_include_.._picolibc_src_libc_string_strnlen.o)
 .debug_str     0x00013d0b     0xb0cc ../../soc/build/pocket/software/libc/libc.a(minimal__home_carlos_devel_fpga_riscv-stack_soc_build_pocket_software_include_.._picolibc_src_libc_stdio_printf.o)
 .debug_str     0x00013d0b       0xce ../../soc/build/pocket/software/libc/libc.a(minimal__home_carlos_devel_fpga_riscv-stack_soc_build_pocket_software_include_.._picolibc_src_libc_machine_riscv_memcpy-asm.o)
 .debug_str     0x00013d0b       0xca ../../soc/build/pocket/software/libc/libc.a(minimal__home_carlos_devel_fpga_riscv-stack_soc_build_pocket_software_include_.._picolibc_src_libc_machine_riscv_memset.o)
 .debug_str     0x00013d0b     0xe0f6 ../../soc/build/pocket/software/libc/libc.a(minimal__home_carlos_devel_fpga_riscv-stack_soc_build_pocket_software_include_.._picolibc_src_libc_stdio_vfiprintf.o)
 .debug_str     0x00013d0b     0x831b ../../soc/build/pocket/software/libc/libc.a(_libc_minimal.a)
 .debug_str     0x00013d0b     0x5f3e ../../soc/build/pocket/software/libcompiler_rt/libcompiler_rt.a(udivmoddi4.o)
 .debug_str     0x00013d0b     0x5ef3 ../../soc/build/pocket/software/libcompiler_rt/libcompiler_rt.a(clzsi2.o)
 .debug_str     0x00013d0b     0x5ef3 ../../soc/build/pocket/software/libcompiler_rt/libcompiler_rt.a(ctzsi2.o)
 .debug_str     0x00013d0b     0x5efa ../../soc/build/pocket/software/libcompiler_rt/libcompiler_rt.a(udivdi3.o)
 .debug_str     0x00013d0b     0x6c9b ../../soc/build/pocket/software/libbase/libbase.a(format.o)
 .debug_str     0x00013d0b     0x8409 ../../soc/build/pocket/software/libbase/libbase.a(system.o)
 .debug_str     0x00013d0b     0x9823 ../../soc/build/pocket/software/libbase/libbase.a(memtest.o)
 .debug_str     0x00013d0b     0x85c9 ../../soc/build/pocket/software/libbase/libbase.a(uart.o)
 .debug_str     0x00013d0b     0xa271 ../../soc/build/pocket/software/liblitedram/liblitedram.a(sdram.o)

.debug_loclists
                0x00000000     0x35b9
 .debug_loclists
                0x00000000      0x3a3 main.o
 .debug_loclists
                0x000003a3      0xdd1 hal.o
 .debug_loclists
                0x00001174       0xb4 ../../soc/build/pocket/software/libc/libc.a(minimal__home_carlos_devel_fpga_riscv-stack_soc_build_pocket_software_include_.._picolibc_src_libc_string_strnlen.o)
 .debug_loclists
                0x00001228       0x2a ../../soc/build/pocket/software/libc/libc.a(minimal__home_carlos_devel_fpga_riscv-stack_soc_build_pocket_software_include_.._picolibc_src_libc_stdio_printf.o)
 .debug_loclists
                0x00001252      0x60c ../../soc/build/pocket/software/libc/libc.a(minimal__home_carlos_devel_fpga_riscv-stack_soc_build_pocket_software_include_.._picolibc_src_libc_stdio_vfiprintf.o)
 .debug_loclists
                0x0000185e       0x53 ../../soc/build/pocket/software/libc/libc.a(_libc_minimal.a)
 .debug_loclists
                0x000018b1      0x25c ../../soc/build/pocket/software/libcompiler_rt/libcompiler_rt.a(udivmoddi4.o)
 .debug_loclists
                0x00001b0d      0x2e0 ../../soc/build/pocket/software/libcompiler_rt/libcompiler_rt.a(clzsi2.o)
 .debug_loclists
                0x00001ded      0x34f ../../soc/build/pocket/software/libcompiler_rt/libcompiler_rt.a(ctzsi2.o)
 .debug_loclists
                0x0000213c       0x40 ../../soc/build/pocket/software/libcompiler_rt/libcompiler_rt.a(udivdi3.o)
 .debug_loclists
                0x0000217c       0x6b ../../soc/build/pocket/software/libbase/libbase.a(format.o)
 .debug_loclists
                0x000021e7      0x178 ../../soc/build/pocket/software/libbase/libbase.a(system.o)
 .debug_loclists
                0x0000235f      0xcba ../../soc/build/pocket/software/libbase/libbase.a(memtest.o)
 .debug_loclists
                0x00003019      0x1bc ../../soc/build/pocket/software/libbase/libbase.a(uart.o)
 .debug_loclists
                0x000031d5      0x3e4 ../../soc/build/pocket/software/liblitedram/liblitedram.a(sdram.o)

.debug_rnglists
                0x00000000      0x8f8
 .debug_rnglists
                0x00000000       0xd5 main.o
 .debug_rnglists
                0x000000d5      0x330 hal.o
 .debug_rnglists
                0x00000405       0x13 ../../soc/build/pocket/software/libc/libc.a(minimal__home_carlos_devel_fpga_riscv-stack_soc_build_pocket_software_include_.._picolibc_src_libc_string_strnlen.o)
 .debug_rnglists
                0x00000418       0x13 ../../soc/build/pocket/software/libc/libc.a(minimal__home_carlos_devel_fpga_riscv-stack_soc_build_pocket_software_include_.._picolibc_src_libc_stdio_printf.o)
 .debug_rnglists
                0x0000042b       0xae ../../soc/build/pocket/software/libc/libc.a(minimal__home_carlos_devel_fpga_riscv-stack_soc_build_pocket_software_include_.._picolibc_src_libc_stdio_vfiprintf.o)
 .debug_rnglists
                0x000004d9       0x19 ../../soc/build/pocket/software/libc/libc.a(_libc_minimal.a)
 .debug_rnglists
                0x000004f2       0x20 ../../soc/build/pocket/software/libcompiler_rt/libcompiler_rt.a(udivmoddi4.o)
 .debug_rnglists
                0x00000512       0x14 ../../soc/build/pocket/software/libcompiler_rt/libcompiler_rt.a(clzsi2.o)
 .debug_rnglists
                0x00000526       0x13 ../../soc/build/pocket/software/libcompiler_rt/libcompiler_rt.a(ctzsi2.o)
 .debug_rnglists
                0x00000539       0x13 ../../soc/build/pocket/software/libcompiler_rt/libcompiler_rt.a(udivdi3.o)
 .debug_rnglists
                0x0000054c       0x14 ../../soc/build/pocket/software/libbase/libbase.a(format.o)
 .debug_rnglists
                0x00000560       0xb5 ../../soc/build/pocket/software/libbase/libbase.a(system.o)
 .debug_rnglists
                0x00000615       0xf3 ../../soc/build/pocket/software/libbase/libbase.a(memtest.o)
 .debug_rnglists
                0x00000708       0xee ../../soc/build/pocket/software/libbase/libbase.a(uart.o)
 .debug_rnglists
                0x000007f6      0x102 ../../soc/build/pocket/software/liblitedram/liblitedram.a(sdram.o)

.debug_macro    0x00000000     0x312f
 .debug_macro   0x00000000       0xdb main.o
 .debug_macro   0x000000db       0xca main.o
 .debug_macro   0x000001a5       0x1c main.o
 .debug_macro   0x000001c1       0x52 main.o
 .debug_macro   0x00000213       0x50 main.o
 .debug_macro   0x00000263      0x557 main.o
 .debug_macro   0x000007ba       0x70 main.o
 .debug_macro   0x0000082a      0x199 hal.o
 .debug_macro   0x000009c3       0x16 hal.o
 .debug_macro   0x000009d9       0x3c hal.o
 .debug_macro   0x00000a15       0x16 hal.o
 .debug_macro   0x00000a2b       0x4a hal.o
 .debug_macro   0x00000a75       0x35 hal.o
 .debug_macro   0x00000aaa       0x70 hal.o
 .debug_macro   0x00000b1a       0xab ../../soc/build/pocket/software/libc/libc.a(minimal__home_carlos_devel_fpga_riscv-stack_soc_build_pocket_software_include_.._picolibc_src_libc_string_strnlen.o)
 .debug_macro   0x00000bc5      0x241 ../../soc/build/pocket/software/libc/libc.a(minimal__home_carlos_devel_fpga_riscv-stack_soc_build_pocket_software_include_.._picolibc_src_libc_stdio_printf.o)
 .debug_macro   0x00000e06      0x2d3 ../../soc/build/pocket/software/libc/libc.a(minimal__home_carlos_devel_fpga_riscv-stack_soc_build_pocket_software_include_.._picolibc_src_libc_stdio_vfiprintf.o)
 .debug_macro   0x000010d9       0x16 ../../soc/build/pocket/software/libc/libc.a(minimal__home_carlos_devel_fpga_riscv-stack_soc_build_pocket_software_include_.._picolibc_src_libc_stdio_vfiprintf.o)
 .debug_macro   0x000010ef       0x10 ../../soc/build/pocket/software/libc/libc.a(minimal__home_carlos_devel_fpga_riscv-stack_soc_build_pocket_software_include_.._picolibc_src_libc_stdio_vfiprintf.o)
 .debug_macro   0x000010ff      0x73e ../../soc/build/pocket/software/libc/libc.a(minimal__home_carlos_devel_fpga_riscv-stack_soc_build_pocket_software_include_.._picolibc_src_libc_stdio_vfiprintf.o)
 .debug_macro   0x0000183d       0x41 ../../soc/build/pocket/software/libc/libc.a(minimal__home_carlos_devel_fpga_riscv-stack_soc_build_pocket_software_include_.._picolibc_src_libc_stdio_vfiprintf.o)
 .debug_macro   0x0000187e       0x82 ../../soc/build/pocket/software/libc/libc.a(minimal__home_carlos_devel_fpga_riscv-stack_soc_build_pocket_software_include_.._picolibc_src_libc_stdio_vfiprintf.o)
 .debug_macro   0x00001900       0x18 ../../soc/build/pocket/software/libc/libc.a(minimal__home_carlos_devel_fpga_riscv-stack_soc_build_pocket_software_include_.._picolibc_src_libc_stdio_vfiprintf.o)
 .debug_macro   0x00001918      0x132 ../../soc/build/pocket/software/libc/libc.a(_libc_minimal.a)
 .debug_macro   0x00001a4a       0x10 ../../soc/build/pocket/software/libc/libc.a(_libc_minimal.a)
 .debug_macro   0x00001a5a      0x1f0 ../../soc/build/pocket/software/libc/libc.a(_libc_minimal.a)
 .debug_macro   0x00001c4a       0x16 ../../soc/build/pocket/software/libc/libc.a(_libc_minimal.a)
 .debug_macro   0x00001c60       0x16 ../../soc/build/pocket/software/libc/libc.a(_libc_minimal.a)
 .debug_macro   0x00001c76       0xac ../../soc/build/pocket/software/libc/libc.a(_libc_minimal.a)
 .debug_macro   0x00001d22      0x10b ../../soc/build/pocket/software/libc/libc.a(_libc_minimal.a)
 .debug_macro   0x00001e2d      0x39d ../../soc/build/pocket/software/libc/libc.a(_libc_minimal.a)
 .debug_macro   0x000021ca       0xd8 ../../soc/build/pocket/software/libcompiler_rt/libcompiler_rt.a(udivmoddi4.o)
 .debug_macro   0x000022a2       0xd8 ../../soc/build/pocket/software/libcompiler_rt/libcompiler_rt.a(clzsi2.o)
 .debug_macro   0x0000237a       0xd8 ../../soc/build/pocket/software/libcompiler_rt/libcompiler_rt.a(ctzsi2.o)
 .debug_macro   0x00002452       0xd8 ../../soc/build/pocket/software/libcompiler_rt/libcompiler_rt.a(udivdi3.o)
 .debug_macro   0x0000252a       0xff ../../soc/build/pocket/software/libbase/libbase.a(format.o)
 .debug_macro   0x00002629      0x46b ../../soc/build/pocket/software/libbase/libbase.a(format.o)
 .debug_macro   0x00002a94       0xea ../../soc/build/pocket/software/libbase/libbase.a(system.o)
 .debug_macro   0x00002b7e       0x22 ../../soc/build/pocket/software/libbase/libbase.a(system.o)
 .debug_macro   0x00002ba0      0x197 ../../soc/build/pocket/software/libbase/libbase.a(memtest.o)
 .debug_macro   0x00002d37      0x10b ../../soc/build/pocket/software/libbase/libbase.a(uart.o)
 .debug_macro   0x00002e42      0x259 ../../soc/build/pocket/software/liblitedram/liblitedram.a(sdram.o)
 .debug_macro   0x0000309b       0x94 ../../soc/build/pocket/software/liblitedram/liblitedram.a(sdram.o)
